Archive member included to satisfy reference by file (symbol)

c:/users/thanh phong/stm32cubeide_1.7.0/stm32cubeide/plugins/com.st.stm32cube.ide.mcu.externaltools.gnu-tools-for-stm32.9-2020-q2-update.win32_2.0.0.202105311346/tools/bin/../lib/gcc/arm-none-eabi/9.3.1/../../../../arm-none-eabi/lib/thumb/v7-m/nofp\libc_nano.a(lib_a-errno.o)
                              ./Core/Src/syscalls.o (__errno)
c:/users/thanh phong/stm32cubeide_1.7.0/stm32cubeide/plugins/com.st.stm32cube.ide.mcu.externaltools.gnu-tools-for-stm32.9-2020-q2-update.win32_2.0.0.202105311346/tools/bin/../lib/gcc/arm-none-eabi/9.3.1/../../../../arm-none-eabi/lib/thumb/v7-m/nofp\libc_nano.a(lib_a-exit.o)
                              c:/users/thanh phong/stm32cubeide_1.7.0/stm32cubeide/plugins/com.st.stm32cube.ide.mcu.externaltools.gnu-tools-for-stm32.9-2020-q2-update.win32_2.0.0.202105311346/tools/bin/../lib/gcc/arm-none-eabi/9.3.1/../../../../arm-none-eabi/lib/thumb/v7-m/nofp/crt0.o (exit)
c:/users/thanh phong/stm32cubeide_1.7.0/stm32cubeide/plugins/com.st.stm32cube.ide.mcu.externaltools.gnu-tools-for-stm32.9-2020-q2-update.win32_2.0.0.202105311346/tools/bin/../lib/gcc/arm-none-eabi/9.3.1/../../../../arm-none-eabi/lib/thumb/v7-m/nofp\libc_nano.a(lib_a-impure.o)
                              c:/users/thanh phong/stm32cubeide_1.7.0/stm32cubeide/plugins/com.st.stm32cube.ide.mcu.externaltools.gnu-tools-for-stm32.9-2020-q2-update.win32_2.0.0.202105311346/tools/bin/../lib/gcc/arm-none-eabi/9.3.1/../../../../arm-none-eabi/lib/thumb/v7-m/nofp\libc_nano.a(lib_a-exit.o) (_global_impure_ptr)
c:/users/thanh phong/stm32cubeide_1.7.0/stm32cubeide/plugins/com.st.stm32cube.ide.mcu.externaltools.gnu-tools-for-stm32.9-2020-q2-update.win32_2.0.0.202105311346/tools/bin/../lib/gcc/arm-none-eabi/9.3.1/../../../../arm-none-eabi/lib/thumb/v7-m/nofp\libc_nano.a(lib_a-init.o)
                              c:/users/thanh phong/stm32cubeide_1.7.0/stm32cubeide/plugins/com.st.stm32cube.ide.mcu.externaltools.gnu-tools-for-stm32.9-2020-q2-update.win32_2.0.0.202105311346/tools/bin/../lib/gcc/arm-none-eabi/9.3.1/../../../../arm-none-eabi/lib/thumb/v7-m/nofp/crt0.o (__libc_init_array)
c:/users/thanh phong/stm32cubeide_1.7.0/stm32cubeide/plugins/com.st.stm32cube.ide.mcu.externaltools.gnu-tools-for-stm32.9-2020-q2-update.win32_2.0.0.202105311346/tools/bin/../lib/gcc/arm-none-eabi/9.3.1/../../../../arm-none-eabi/lib/thumb/v7-m/nofp\libc_nano.a(lib_a-memset.o)
                              c:/users/thanh phong/stm32cubeide_1.7.0/stm32cubeide/plugins/com.st.stm32cube.ide.mcu.externaltools.gnu-tools-for-stm32.9-2020-q2-update.win32_2.0.0.202105311346/tools/bin/../lib/gcc/arm-none-eabi/9.3.1/../../../../arm-none-eabi/lib/thumb/v7-m/nofp/crt0.o (memset)

Allocating common symbols
Common symbol       size              file

buttonState         0xa               ./Core/Src/input_processing.o
timer_counter       0x28              ./Core/Src/timer.o
uwTick              0x4               ./Drivers/STM32F1xx_HAL_Driver/Src/stm32f1xx_hal.o
pFlash              0x20              ./Drivers/STM32F1xx_HAL_Driver/Src/stm32f1xx_hal_flash.o
timer_flag          0x28              ./Core/Src/timer.o
htim2               0x48              ./Core/Src/main.o

Discarded input sections

 .text          0x0000000000000000        0x0 c:/users/thanh phong/stm32cubeide_1.7.0/stm32cubeide/plugins/com.st.stm32cube.ide.mcu.externaltools.gnu-tools-for-stm32.9-2020-q2-update.win32_2.0.0.202105311346/tools/bin/../lib/gcc/arm-none-eabi/9.3.1/thumb/v7-m/nofp/crti.o
 .data          0x0000000000000000        0x0 c:/users/thanh phong/stm32cubeide_1.7.0/stm32cubeide/plugins/com.st.stm32cube.ide.mcu.externaltools.gnu-tools-for-stm32.9-2020-q2-update.win32_2.0.0.202105311346/tools/bin/../lib/gcc/arm-none-eabi/9.3.1/thumb/v7-m/nofp/crti.o
 .bss           0x0000000000000000        0x0 c:/users/thanh phong/stm32cubeide_1.7.0/stm32cubeide/plugins/com.st.stm32cube.ide.mcu.externaltools.gnu-tools-for-stm32.9-2020-q2-update.win32_2.0.0.202105311346/tools/bin/../lib/gcc/arm-none-eabi/9.3.1/thumb/v7-m/nofp/crti.o
 .data          0x0000000000000000        0x4 c:/users/thanh phong/stm32cubeide_1.7.0/stm32cubeide/plugins/com.st.stm32cube.ide.mcu.externaltools.gnu-tools-for-stm32.9-2020-q2-update.win32_2.0.0.202105311346/tools/bin/../lib/gcc/arm-none-eabi/9.3.1/thumb/v7-m/nofp/crtbegin.o
 .text          0x0000000000000000       0x7c c:/users/thanh phong/stm32cubeide_1.7.0/stm32cubeide/plugins/com.st.stm32cube.ide.mcu.externaltools.gnu-tools-for-stm32.9-2020-q2-update.win32_2.0.0.202105311346/tools/bin/../lib/gcc/arm-none-eabi/9.3.1/../../../../arm-none-eabi/lib/thumb/v7-m/nofp/crt0.o
 .data          0x0000000000000000        0x0 c:/users/thanh phong/stm32cubeide_1.7.0/stm32cubeide/plugins/com.st.stm32cube.ide.mcu.externaltools.gnu-tools-for-stm32.9-2020-q2-update.win32_2.0.0.202105311346/tools/bin/../lib/gcc/arm-none-eabi/9.3.1/../../../../arm-none-eabi/lib/thumb/v7-m/nofp/crt0.o
[...]
Memory Configuration

Name             Origin             Length             Attributes
RAM              0x0000000020000000 0x0000000000002800 xrw
FLASH            0x0000000008000000 0x0000000000008000 xr
*default*        0x0000000000000000 0xffffffffffffffff

Linker script and memory map

LOAD c:/users/thanh phong/stm32cubeide_1.7.0/stm32cubeide/plugins/com.st.stm32cube.ide.mcu.externaltools.gnu-tools-for-stm32.9-2020-q2-update.win32_2.0.0.202105311346/tools/bin/../lib/gcc/arm-none-eabi/9.3.1/thumb/v7-m/nofp/crti.o
LOAD c:/users/thanh phong/stm32cubeide_1.7.0/stm32cubeide/plugins/com.st.stm32cube.ide.mcu.externaltools.gnu-tools-for-stm32.9-2020-q2-update.win32_2.0.0.202105311346/tools/bin/../lib/gcc/arm-none-eabi/9.3.1/thumb/v7-m/nofp/crtbegin.o
LOAD c:/users/thanh phong/stm32cubeide_1.7.0/stm32cubeide/plugins/com.st.stm32cube.ide.mcu.externaltools.gnu-tools-for-stm32.9-2020-q2-update.win32_2.0.0.202105311346/tools/bin/../lib/gcc/arm-none-eabi/9.3.1/../../../../arm-none-eabi/lib/thumb/v7-m/nofp/crt0.o
LOAD ./Core/Src/automatic.o
LOAD ./Core/Src/button.o
LOAD ./Core/Src/display.o
LOAD ./Core/Src/fsm_traffic.o
LOAD ./Core/Src/global.o
LOAD ./Core/Src/input_processing.o
LOAD ./Core/Src/input_reading.o
LOAD ./Core/Src/main.o
LOAD ./Core/Src/manual.o
LOAD ./Core/Src/scheduler.o
LOAD ./Core/Src/stm32f1xx_hal_msp.o
LOAD ./Core/Src/stm32f1xx_it.o
LOAD ./Core/Src/syscalls.o
LOAD ./Core/Src/sysmem.o
LOAD ./Core/Src/system_stm32f1xx.o
LOAD ./Core/Src/timer.o
LOAD ./Core/Startup/startup_stm32f103c6ux.o
LOAD ./Drivers/STM32F1xx_HAL_Driver/Src/stm32f1xx_hal.o
LOAD ./Drivers/STM32F1xx_HAL_Driver/Src/stm32f1xx_hal_cortex.o
LOAD ./Drivers/STM32F1xx_HAL_Driver/Src/stm32f1xx_hal_dma.o
LOAD ./Drivers/STM32F1xx_HAL_Driver/Src/stm32f1xx_hal_exti.o
LOAD ./Drivers/STM32F1xx_HAL_Driver/Src/stm32f1xx_hal_flash.o
LOAD ./Drivers/STM32F1xx_HAL_Driver/Src/stm32f1xx_hal_flash_ex.o
LOAD ./Drivers/STM32F1xx_HAL_Driver/Src/stm32f1xx_hal_gpio.o
LOAD ./Drivers/STM32F1xx_HAL_Driver/Src/stm32f1xx_hal_gpio_ex.o
LOAD ./Drivers/STM32F1xx_HAL_Driver/Src/stm32f1xx_hal_pwr.o
LOAD ./Drivers/STM32F1xx_HAL_Driver/Src/stm32f1xx_hal_rcc.o
LOAD ./Drivers/STM32F1xx_HAL_Driver/Src/stm32f1xx_hal_rcc_ex.o
LOAD ./Drivers/STM32F1xx_HAL_Driver/Src/stm32f1xx_hal_tim.o
LOAD ./Drivers/STM32F1xx_HAL_Driver/Src/stm32f1xx_hal_tim_ex.o
START GROUP
LOAD c:/users/thanh phong/stm32cubeide_1.7.0/stm32cubeide/plugins/com.st.stm32cube.ide.mcu.externaltools.gnu-tools-for-stm32.9-2020-q2-update.win32_2.0.0.202105311346/tools/bin/../lib/gcc/arm-none-eabi/9.3.1/../../../../arm-none-eabi/lib/thumb/v7-m/nofp\libc_nano.a
LOAD c:/users/thanh phong/stm32cubeide_1.7.0/stm32cubeide/plugins/com.st.stm32cube.ide.mcu.externaltools.gnu-tools-for-stm32.9-2020-q2-update.win32_2.0.0.202105311346/tools/bin/../lib/gcc/arm-none-eabi/9.3.1/../../../../arm-none-eabi/lib/thumb/v7-m/nofp\libm.a
END GROUP
START GROUP
LOAD c:/users/thanh phong/stm32cubeide_1.7.0/stm32cubeide/plugins/com.st.stm32cube.ide.mcu.externaltools.gnu-tools-for-stm32.9-2020-q2-update.win32_2.0.0.202105311346/tools/bin/../lib/gcc/arm-none-eabi/9.3.1/thumb/v7-m/nofp\libgcc.a
LOAD c:/users/thanh phong/stm32cubeide_1.7.0/stm32cubeide/plugins/com.st.stm32cube.ide.mcu.externaltools.gnu-tools-for-stm32.9-2020-q2-update.win32_2.0.0.202105311346/tools/bin/../lib/gcc/arm-none-eabi/9.3.1/../../../../arm-none-eabi/lib/thumb/v7-m/nofp\libc_nano.a
END GROUP
START GROUP
LOAD c:/users/thanh phong/stm32cubeide_1.7.0/stm32cubeide/plugins/com.st.stm32cube.ide.mcu.externaltools.gnu-tools-for-stm32.9-2020-q2-update.win32_2.0.0.202105311346/tools/bin/../lib/gcc/arm-none-eabi/9.3.1/thumb/v7-m/nofp\libgcc.a
LOAD c:/users/thanh phong/stm32cubeide_1.7.0/stm32cubeide/plugins/com.st.stm32cube.ide.mcu.externaltools.gnu-tools-for-stm32.9-2020-q2-update.win32_2.0.0.202105311346/tools/bin/../lib/gcc/arm-none-eabi/9.3.1/../../../../arm-none-eabi/lib/thumb/v7-m/nofp\libc_nano.a
LOAD c:/users/thanh phong/stm32cubeide_1.7.0/stm32cubeide/plugins/com.st.stm32cube.ide.mcu.externaltools.gnu-tools-for-stm32.9-2020-q2-update.win32_2.0.0.202105311346/tools/bin/../lib/gcc/arm-none-eabi/9.3.1/../../../../arm-none-eabi/lib/thumb/v7-m/nofp\libnosys.a
END GROUP
START GROUP
LOAD c:/users/thanh phong/stm32cubeide_1.7.0/stm32cubeide/plugins/com.st.stm32cube.ide.mcu.externaltools.gnu-tools-for-stm32.9-2020-q2-update.win32_2.0.0.202105311346/tools/bin/../lib/gcc/arm-none-eabi/9.3.1/thumb/v7-m/nofp\libgcc.a
LOAD c:/users/thanh phong/stm32cubeide_1.7.0/stm32cubeide/plugins/com.st.stm32cube.ide.mcu.externaltools.gnu-tools-for-stm32.9-2020-q2-update.win32_2.0.0.202105311346/tools/bin/../lib/gcc/arm-none-eabi/9.3.1/../../../../arm-none-eabi/lib/thumb/v7-m/nofp\libc_nano.a
LOAD c:/users/thanh phong/stm32cubeide_1.7.0/stm32cubeide/plugins/com.st.stm32cube.ide.mcu.externaltools.gnu-tools-for-stm32.9-2020-q2-update.win32_2.0.0.202105311346/tools/bin/../lib/gcc/arm-none-eabi/9.3.1/../../../../arm-none-eabi/lib/thumb/v7-m/nofp\libnosys.a
END GROUP
LOAD c:/users/thanh phong/stm32cubeide_1.7.0/stm32cubeide/plugins/com.st.stm32cube.ide.mcu.externaltools.gnu-tools-for-stm32.9-2020-q2-update.win32_2.0.0.202105311346/tools/bin/../lib/gcc/arm-none-eabi/9.3.1/thumb/v7-m/nofp/crtend.o
LOAD c:/users/thanh phong/stm32cubeide_1.7.0/stm32cubeide/plugins/com.st.stm32cube.ide.mcu.externaltools.gnu-tools-for-stm32.9-2020-q2-update.win32_2.0.0.202105311346/tools/bin/../lib/gcc/arm-none-eabi/9.3.1/thumb/v7-m/nofp/crtn.o
                0x0000000020002800                _estack = (ORIGIN (RAM) + LENGTH (RAM))
                0x0000000000000200                _Min_Heap_Size = 0x200
                0x0000000000000400                _Min_Stack_Size = 0x400

.isr_vector     0x0000000008000000      0x10c
                0x0000000008000000                . = ALIGN (0x4)
 *(.isr_vector)
 .isr_vector    0x0000000008000000      0x10c ./Core/Startup/startup_stm32f103c6ux.o
                0x0000000008000000                g_pfnVectors
                0x000000000800010c                . = ALIGN (0x4)

.text           0x000000000800010c     0x2f74
                0x000000000800010c                . = ALIGN (0x4)
 *(.text)
 .text          0x000000000800010c       0x40 c:/users/thanh phong/stm32cubeide_1.7.0/stm32cubeide/plugins/com.st.stm32cube.ide.mcu.externaltools.gnu-tools-for-stm32.9-2020-q2-update.win32_2.0.0.202105311346/tools/bin/../lib/gcc/arm-none-eabi/9.3.1/thumb/v7-m/nofp/crtbegin.o
 *(.text*)
 .text.fsm_automatic_run
                0x000000000800014c      0x2f8 ./Core/Src/automatic.o
                0x000000000800014c                fsm_automatic_run
 .text.isbuttonpressed
                0x0000000008000444       0x34 ./Core/Src/button.o
                0x0000000008000444                isbuttonpressed
 .text.getKeyInput
                0x0000000008000478      0x168 ./Core/Src/button.o
                0x0000000008000478                getKeyInput
 .text.update7SEG
                0x00000000080005e0       0xb8 ./Core/Src/display.o
                0x00000000080005e0                update7SEG
 .text.display7SEG
                0x0000000008000698      0x290 ./Core/Src/display.o
                0x0000000008000698                display7SEG
 .text.updateLEDBuffer
                0x0000000008000928       0x8c ./Core/Src/display.o
                0x0000000008000928                updateLEDBuffer
 .text.turnoffled
                0x00000000080009b4       0x54 ./Core/Src/display.o
                0x00000000080009b4                turnoffled
 .text.setred   0x0000000008000a08       0x68 ./Core/Src/display.o
                0x0000000008000a08                setred
 .text.setgreen
                0x0000000008000a70       0x68 ./Core/Src/display.o
                0x0000000008000a70                setgreen
 .text.setyellow
                0x0000000008000ad8       0x68 ./Core/Src/display.o
                0x0000000008000ad8                setyellow
 .text.printled
                0x0000000008000b40       0x30 ./Core/Src/display.o
                0x0000000008000b40                printled
 .text.check    0x0000000008000b70       0x28 ./Core/Src/global.o
                0x0000000008000b70                check
 .text.led1test
                0x0000000008000b98       0x18 ./Core/Src/main.o
                0x0000000008000b98                led1test
 .text.task_update_led7seg
                0x0000000008000bb0        0xc ./Core/Src/main.o
                0x0000000008000bb0                task_update_led7seg
 .text.task_getkeyinput
                0x0000000008000bbc        0xc ./Core/Src/main.o
                0x0000000008000bbc                task_getkeyinput
 .text.task_timer_run
                0x0000000008000bc8        0xc ./Core/Src/main.o
                0x0000000008000bc8                task_timer_run
 .text.task_fsm_machine
                0x0000000008000bd4       0xf8 ./Core/Src/main.o
                0x0000000008000bd4                task_fsm_machine
 .text.main     0x0000000008000ccc       0xa4 ./Core/Src/main.o
                0x0000000008000ccc                main
 .text.SystemClock_Config
                0x0000000008000d70       0x76 ./Core/Src/main.o
                0x0000000008000d70                SystemClock_Config
 *fill*         0x0000000008000de6        0x2 
 .text.MX_TIM2_Init
                0x0000000008000de8       0x98 ./Core/Src/main.o
 .text.MX_GPIO_Init
                0x0000000008000e80       0xc8 ./Core/Src/main.o
 .text.Error_Handler
                0x0000000008000f48        0xa ./Core/Src/main.o
                0x0000000008000f48                Error_Handler
 *fill*         0x0000000008000f52        0x2 
 .text.fsm_manual_run
                0x0000000008000f54      0x30c ./Core/Src/manual.o
                0x0000000008000f54                fsm_manual_run
 .text.SCH_Init
                0x0000000008001260        0xc ./Core/Src/scheduler.o
                0x0000000008001260                SCH_Init
 .text.SCH_Update
                0x000000000800126c       0x50 ./Core/Src/scheduler.o
                0x000000000800126c                SCH_Update
 .text.SCH_Add_Task
                0x00000000080012bc      0x2ac ./Core/Src/scheduler.o
                0x00000000080012bc                SCH_Add_Task
 .text.SCH_Delete_Task
                0x0000000008001568      0x1e8 ./Core/Src/scheduler.o
                0x0000000008001568                SCH_Delete_Task
 .text.SCH_Dispatch_Tasks
                0x0000000008001750       0x50 ./Core/Src/scheduler.o
                0x0000000008001750                SCH_Dispatch_Tasks
 .text.TIMER_Init
                0x00000000080017a0        0xc ./Core/Src/scheduler.o
 .text.Get_New_Task_ID
                0x00000000080017ac       0x30 ./Core/Src/scheduler.o
 .text.HAL_MspInit
                0x00000000080017dc       0x64 ./Core/Src/stm32f1xx_hal_msp.o
                0x00000000080017dc                HAL_MspInit
 .text.HAL_TIM_Base_MspInit
                0x0000000008001840       0x48 ./Core/Src/stm32f1xx_hal_msp.o
                0x0000000008001840                HAL_TIM_Base_MspInit
 .text.NMI_Handler
                0x0000000008001888        0x6 ./Core/Src/stm32f1xx_it.o
                0x0000000008001888                NMI_Handler
 .text.HardFault_Handler
                0x000000000800188e        0x6 ./Core/Src/stm32f1xx_it.o
                0x000000000800188e                HardFault_Handler
 .text.MemManage_Handler
                0x0000000008001894        0x6 ./Core/Src/stm32f1xx_it.o
                0x0000000008001894                MemManage_Handler
 .text.BusFault_Handler
                0x000000000800189a        0x6 ./Core/Src/stm32f1xx_it.o
                0x000000000800189a                BusFault_Handler
 .text.UsageFault_Handler
                0x00000000080018a0        0x6 ./Core/Src/stm32f1xx_it.o
                0x00000000080018a0                UsageFault_Handler
 .text.SVC_Handler
                0x00000000080018a6        0xc ./Core/Src/stm32f1xx_it.o
                0x00000000080018a6                SVC_Handler
 .text.DebugMon_Handler
                0x00000000080018b2        0xc ./Core/Src/stm32f1xx_it.o
                0x00000000080018b2                DebugMon_Handler
 .text.PendSV_Handler
                0x00000000080018be        0xc ./Core/Src/stm32f1xx_it.o
                0x00000000080018be                PendSV_Handler
 .text.SysTick_Handler
                0x00000000080018ca        0xc ./Core/Src/stm32f1xx_it.o
                0x00000000080018ca                SysTick_Handler
 *fill*         0x00000000080018d6        0x2 
 .text.TIM2_IRQHandler
                0x00000000080018d8       0x14 ./Core/Src/stm32f1xx_it.o
                0x00000000080018d8                TIM2_IRQHandler
 .text.SystemInit
                0x00000000080018ec        0xc ./Core/Src/system_stm32f1xx.o
                0x00000000080018ec                SystemInit
 .text.setTimer
                0x00000000080018f8       0x48 ./Core/Src/timer.o
                0x00000000080018f8                setTimer
 .text.isTimerExpired
                0x0000000008001940       0x30 ./Core/Src/timer.o
                0x0000000008001940                isTimerExpired
 .text.timer_run
                0x0000000008001970       0x60 ./Core/Src/timer.o
                0x0000000008001970                timer_run
 .text.HAL_TIM_PeriodElapsedCallback
                0x00000000080019d0       0x1e ./Core/Src/timer.o
                0x00000000080019d0                HAL_TIM_PeriodElapsedCallback
 *fill*         0x00000000080019ee        0x2 
 .text.Reset_Handler
                0x00000000080019f0       0x48 ./Core/Startup/startup_stm32f103c6ux.o
                0x00000000080019f0                Reset_Handler
 .text.Default_Handler
                0x0000000008001a38        0x2 ./Core/Startup/startup_stm32f103c6ux.o
                0x0000000008001a38                RTC_Alarm_IRQHandler
                0x0000000008001a38                EXTI2_IRQHandler
                0x0000000008001a38                TIM1_CC_IRQHandler
                0x0000000008001a38                PVD_IRQHandler
                0x0000000008001a38                EXTI3_IRQHandler
                0x0000000008001a38                EXTI0_IRQHandler
                0x0000000008001a38                ADC1_2_IRQHandler
                0x0000000008001a38                SPI1_IRQHandler
                0x0000000008001a38                TAMPER_IRQHandler
                0x0000000008001a38                DMA1_Channel4_IRQHandler
                0x0000000008001a38                RTC_IRQHandler
                0x0000000008001a38                DMA1_Channel7_IRQHandler
                0x0000000008001a38                CAN1_RX1_IRQHandler
                0x0000000008001a38                I2C1_EV_IRQHandler
                0x0000000008001a38                DMA1_Channel6_IRQHandler
                0x0000000008001a38                TIM3_IRQHandler
                0x0000000008001a38                RCC_IRQHandler
                0x0000000008001a38                TIM1_TRG_COM_IRQHandler
                0x0000000008001a38                DMA1_Channel1_IRQHandler
                0x0000000008001a38                Default_Handler
                0x0000000008001a38                EXTI15_10_IRQHandler
                0x0000000008001a38                EXTI9_5_IRQHandler
                0x0000000008001a38                DMA1_Channel5_IRQHandler
                0x0000000008001a38                EXTI4_IRQHandler
                0x0000000008001a38                USB_LP_CAN1_RX0_IRQHandler
                0x0000000008001a38                USB_HP_CAN1_TX_IRQHandler
                0x0000000008001a38                DMA1_Channel3_IRQHandler
                0x0000000008001a38                TIM1_UP_IRQHandler
                0x0000000008001a38                WWDG_IRQHandler
                0x0000000008001a38                TIM1_BRK_IRQHandler
                0x0000000008001a38                EXTI1_IRQHandler
                0x0000000008001a38                USART2_IRQHandler
                0x0000000008001a38                DMA1_Channel2_IRQHandler
                0x0000000008001a38                CAN1_SCE_IRQHandler
                0x0000000008001a38                FLASH_IRQHandler
                0x0000000008001a38                USART1_IRQHandler
                0x0000000008001a38                I2C1_ER_IRQHandler
                0x0000000008001a38                USBWakeUp_IRQHandler
 *fill*         0x0000000008001a3a        0x2 
 .text.HAL_Init
                0x0000000008001a3c       0x2c ./Drivers/STM32F1xx_HAL_Driver/Src/stm32f1xx_hal.o
                0x0000000008001a3c                HAL_Init
 .text.HAL_InitTick
                0x0000000008001a68       0x60 ./Drivers/STM32F1xx_HAL_Driver/Src/stm32f1xx_hal.o
                0x0000000008001a68                HAL_InitTick
 .text.HAL_IncTick
                0x0000000008001ac8       0x24 ./Drivers/STM32F1xx_HAL_Driver/Src/stm32f1xx_hal.o
                0x0000000008001ac8                HAL_IncTick
 .text.HAL_GetTick
                0x0000000008001aec       0x14 ./Drivers/STM32F1xx_HAL_Driver/Src/stm32f1xx_hal.o
                0x0000000008001aec                HAL_GetTick
 .text.__NVIC_SetPriorityGrouping
                0x0000000008001b00       0x48 ./Drivers/STM32F1xx_HAL_Driver/Src/stm32f1xx_hal_cortex.o
 .text.__NVIC_GetPriorityGrouping
                0x0000000008001b48       0x1c ./Drivers/STM32F1xx_HAL_Driver/Src/stm32f1xx_hal_cortex.o
 .text.__NVIC_EnableIRQ
                0x0000000008001b64       0x38 ./Drivers/STM32F1xx_HAL_Driver/Src/stm32f1xx_hal_cortex.o
 .text.__NVIC_SetPriority
                0x0000000008001b9c       0x54 ./Drivers/STM32F1xx_HAL_Driver/Src/stm32f1xx_hal_cortex.o
 .text.NVIC_EncodePriority
                0x0000000008001bf0       0x64 ./Drivers/STM32F1xx_HAL_Driver/Src/stm32f1xx_hal_cortex.o
 .text.SysTick_Config
                0x0000000008001c54       0x44 ./Drivers/STM32F1xx_HAL_Driver/Src/stm32f1xx_hal_cortex.o
 .text.HAL_NVIC_SetPriorityGrouping
                0x0000000008001c98       0x16 ./Drivers/STM32F1xx_HAL_Driver/Src/stm32f1xx_hal_cortex.o
                0x0000000008001c98                HAL_NVIC_SetPriorityGrouping
 .text.HAL_NVIC_SetPriority
                0x0000000008001cae       0x38 ./Drivers/STM32F1xx_HAL_Driver/Src/stm32f1xx_hal_cortex.o
                0x0000000008001cae                HAL_NVIC_SetPriority
 .text.HAL_NVIC_EnableIRQ
                0x0000000008001ce6       0x1c ./Drivers/STM32F1xx_HAL_Driver/Src/stm32f1xx_hal_cortex.o
                0x0000000008001ce6                HAL_NVIC_EnableIRQ
 .text.HAL_SYSTICK_Config
                0x0000000008001d02       0x18 ./Drivers/STM32F1xx_HAL_Driver/Src/stm32f1xx_hal_cortex.o
                0x0000000008001d02                HAL_SYSTICK_Config
 *fill*         0x0000000008001d1a        0x2 
 .text.HAL_GPIO_Init
                0x0000000008001d1c      0x2f4 ./Drivers/STM32F1xx_HAL_Driver/Src/stm32f1xx_hal_gpio.o
                0x0000000008001d1c                HAL_GPIO_Init
 .text.HAL_GPIO_ReadPin
                0x0000000008002010       0x2e ./Drivers/STM32F1xx_HAL_Driver/Src/stm32f1xx_hal_gpio.o
                0x0000000008002010                HAL_GPIO_ReadPin
 .text.HAL_GPIO_WritePin
                0x000000000800203e       0x30 ./Drivers/STM32F1xx_HAL_Driver/Src/stm32f1xx_hal_gpio.o
                0x000000000800203e                HAL_GPIO_WritePin
 .text.HAL_GPIO_TogglePin
                0x000000000800206e       0x32 ./Drivers/STM32F1xx_HAL_Driver/Src/stm32f1xx_hal_gpio.o
                0x000000000800206e                HAL_GPIO_TogglePin
 .text.HAL_RCC_OscConfig
                0x00000000080020a0      0x500 ./Drivers/STM32F1xx_HAL_Driver/Src/stm32f1xx_hal_rcc.o
                0x00000000080020a0                HAL_RCC_OscConfig
 .text.HAL_RCC_ClockConfig
                0x00000000080025a0      0x1d4 ./Drivers/STM32F1xx_HAL_Driver/Src/stm32f1xx_hal_rcc.o
                0x00000000080025a0                HAL_RCC_ClockConfig
 .text.HAL_RCC_GetSysClockFreq
                0x0000000008002774       0xa8 ./Drivers/STM32F1xx_HAL_Driver/Src/stm32f1xx_hal_rcc.o
                0x0000000008002774                HAL_RCC_GetSysClockFreq
 .text.RCC_Delay
                0x000000000800281c       0x3c ./Drivers/STM32F1xx_HAL_Driver/Src/stm32f1xx_hal_rcc.o
 .text.HAL_TIM_Base_Init
                0x0000000008002858       0x9e ./Drivers/STM32F1xx_HAL_Driver/Src/stm32f1xx_hal_tim.o
                0x0000000008002858                HAL_TIM_Base_Init
 *fill*         0x00000000080028f6        0x2 
 .text.HAL_TIM_Base_Start_IT
                0x00000000080028f8       0x98 ./Drivers/STM32F1xx_HAL_Driver/Src/stm32f1xx_hal_tim.o
                0x00000000080028f8                HAL_TIM_Base_Start_IT
 .text.HAL_TIM_IRQHandler
                0x0000000008002990      0x1e0 ./Drivers/STM32F1xx_HAL_Driver/Src/stm32f1xx_hal_tim.o
                0x0000000008002990                HAL_TIM_IRQHandler
 .text.HAL_TIM_ConfigClockSource
                0x0000000008002b70      0x18e ./Drivers/STM32F1xx_HAL_Driver/Src/stm32f1xx_hal_tim.o
                0x0000000008002b70                HAL_TIM_ConfigClockSource
 .text.HAL_TIM_OC_DelayElapsedCallback
                0x0000000008002cfe       0x12 ./Drivers/STM32F1xx_HAL_Driver/Src/stm32f1xx_hal_tim.o
                0x0000000008002cfe                HAL_TIM_OC_DelayElapsedCallback
 .text.HAL_TIM_IC_CaptureCallback
                0x0000000008002d10       0x12 ./Drivers/STM32F1xx_HAL_Driver/Src/stm32f1xx_hal_tim.o
                0x0000000008002d10                HAL_TIM_IC_CaptureCallback
 .text.HAL_TIM_PWM_PulseFinishedCallback
                0x0000000008002d22       0x12 ./Drivers/STM32F1xx_HAL_Driver/Src/stm32f1xx_hal_tim.o
                0x0000000008002d22                HAL_TIM_PWM_PulseFinishedCallback
 .text.HAL_TIM_TriggerCallback
                0x0000000008002d34       0x12 ./Drivers/STM32F1xx_HAL_Driver/Src/stm32f1xx_hal_tim.o
                0x0000000008002d34                HAL_TIM_TriggerCallback
 *fill*         0x0000000008002d46        0x2 
 .text.TIM_Base_SetConfig
                0x0000000008002d48       0xc8 ./Drivers/STM32F1xx_HAL_Driver/Src/stm32f1xx_hal_tim.o
                0x0000000008002d48                TIM_Base_SetConfig
 .text.TIM_TI1_ConfigInputStage
                0x0000000008002e10       0x5c ./Drivers/STM32F1xx_HAL_Driver/Src/stm32f1xx_hal_tim.o
 .text.TIM_TI2_ConfigInputStage
                0x0000000008002e6c       0x5e ./Drivers/STM32F1xx_HAL_Driver/Src/stm32f1xx_hal_tim.o
 .text.TIM_ITRx_SetConfig
                0x0000000008002eca       0x34 ./Drivers/STM32F1xx_HAL_Driver/Src/stm32f1xx_hal_tim.o
 .text.TIM_ETR_SetConfig
                0x0000000008002efe       0x3e ./Drivers/STM32F1xx_HAL_Driver/Src/stm32f1xx_hal_tim.o
                0x0000000008002efe                TIM_ETR_SetConfig
 .text.HAL_TIMEx_MasterConfigSynchronization
                0x0000000008002f3c       0xb0 ./Drivers/STM32F1xx_HAL_Driver/Src/stm32f1xx_hal_tim_ex.o
                0x0000000008002f3c                HAL_TIMEx_MasterConfigSynchronization
 .text.HAL_TIMEx_CommutCallback
                0x0000000008002fec       0x12 ./Drivers/STM32F1xx_HAL_Driver/Src/stm32f1xx_hal_tim_ex.o
                0x0000000008002fec                HAL_TIMEx_CommutCallback
 .text.HAL_TIMEx_BreakCallback
                0x0000000008002ffe       0x12 ./Drivers/STM32F1xx_HAL_Driver/Src/stm32f1xx_hal_tim_ex.o
                0x0000000008002ffe                HAL_TIMEx_BreakCallback
 .text.__libc_init_array
                0x0000000008003010       0x48 c:/users/thanh phong/stm32cubeide_1.7.0/stm32cubeide/plugins/com.st.stm32cube.ide.mcu.externaltools.gnu-tools-for-stm32.9-2020-q2-update.win32_2.0.0.202105311346/tools/bin/../lib/gcc/arm-none-eabi/9.3.1/../../../../arm-none-eabi/lib/thumb/v7-m/nofp\libc_nano.a(lib_a-init.o)
                0x0000000008003010                __libc_init_array
 .text.memset   0x0000000008003058       0x10 c:/users/thanh phong/stm32cubeide_1.7.0/stm32cubeide/plugins/com.st.stm32cube.ide.mcu.externaltools.gnu-tools-for-stm32.9-2020-q2-update.win32_2.0.0.202105311346/tools/bin/../lib/gcc/arm-none-eabi/9.3.1/../../../../arm-none-eabi/lib/thumb/v7-m/nofp\libc_nano.a(lib_a-memset.o)
                0x0000000008003058                memset
 *(.glue_7)
 .glue_7        0x0000000008003068        0x0 linker stubs
 *(.glue_7t)
 .glue_7t       0x0000000008003068        0x0 linker stubs
 *(.eh_frame)
 .eh_frame      0x0000000008003068        0x0 c:/users/thanh phong/stm32cubeide_1.7.0/stm32cubeide/plugins/com.st.stm32cube.ide.mcu.externaltools.gnu-tools-for-stm32.9-2020-q2-update.win32_2.0.0.202105311346/tools/bin/../lib/gcc/arm-none-eabi/9.3.1/thumb/v7-m/nofp/crtbegin.o
 *(.init)
 .init          0x0000000008003068        0x4 c:/users/thanh phong/stm32cubeide_1.7.0/stm32cubeide/plugins/com.st.stm32cube.ide.mcu.externaltools.gnu-tools-for-stm32.9-2020-q2-update.win32_2.0.0.202105311346/tools/bin/../lib/gcc/arm-none-eabi/9.3.1/thumb/v7-m/nofp/crti.o
                0x0000000008003068                _init
 .init          0x000000000800306c        0x8 c:/users/thanh phong/stm32cubeide_1.7.0/stm32cubeide/plugins/com.st.stm32cube.ide.mcu.externaltools.gnu-tools-for-stm32.9-2020-q2-update.win32_2.0.0.202105311346/tools/bin/../lib/gcc/arm-none-eabi/9.3.1/thumb/v7-m/nofp/crtn.o
 *(.fini)
 .fini          0x0000000008003074        0x4 c:/users/thanh phong/stm32cubeide_1.7.0/stm32cubeide/plugins/com.st.stm32cube.ide.mcu.externaltools.gnu-tools-for-stm32.9-2020-q2-update.win32_2.0.0.202105311346/tools/bin/../lib/gcc/arm-none-eabi/9.3.1/thumb/v7-m/nofp/crti.o
                0x0000000008003074                _fini
 .fini          0x0000000008003078        0x8 c:/users/thanh phong/stm32cubeide_1.7.0/stm32cubeide/plugins/com.st.stm32cube.ide.mcu.externaltools.gnu-tools-for-stm32.9-2020-q2-update.win32_2.0.0.202105311346/tools/bin/../lib/gcc/arm-none-eabi/9.3.1/thumb/v7-m/nofp/crtn.o
                0x0000000008003080                . = ALIGN (0x4)
                0x0000000008003080                _etext = .

.vfp11_veneer   0x0000000008003080        0x0
 .vfp11_veneer  0x0000000008003080        0x0 linker stubs

.v4_bx          0x0000000008003080        0x0
 .v4_bx         0x0000000008003080        0x0 linker stubs

.iplt           0x0000000008003080        0x0
 .iplt          0x0000000008003080        0x0 c:/users/thanh phong/stm32cubeide_1.7.0/stm32cubeide/plugins/com.st.stm32cube.ide.mcu.externaltools.gnu-tools-for-stm32.9-2020-q2-update.win32_2.0.0.202105311346/tools/bin/../lib/gcc/arm-none-eabi/9.3.1/thumb/v7-m/nofp/crtbegin.o

.rodata         0x0000000008003080       0x24
                0x0000000008003080                . = ALIGN (0x4)
 *(.rodata)
 *(.rodata*)
 .rodata.AHBPrescTable
                0x0000000008003080       0x10 ./Core/Src/system_stm32f1xx.o
                0x0000000008003080                AHBPrescTable
 .rodata.aPLLMULFactorTable.6032
                0x0000000008003090       0x10 ./Drivers/STM32F1xx_HAL_Driver/Src/stm32f1xx_hal_rcc.o
 .rodata.aPredivFactorTable.6033
                0x00000000080030a0        0x2 ./Drivers/STM32F1xx_HAL_Driver/Src/stm32f1xx_hal_rcc.o
                0x00000000080030a4                . = ALIGN (0x4)
 *fill*         0x00000000080030a2        0x2 

.rel.dyn        0x00000000080030a4        0x0
 .rel.iplt      0x00000000080030a4        0x0 c:/users/thanh phong/stm32cubeide_1.7.0/stm32cubeide/plugins/com.st.stm32cube.ide.mcu.externaltools.gnu-tools-for-stm32.9-2020-q2-update.win32_2.0.0.202105311346/tools/bin/../lib/gcc/arm-none-eabi/9.3.1/thumb/v7-m/nofp/crtbegin.o

.ARM.extab      0x00000000080030a4        0x0
                0x00000000080030a4                . = ALIGN (0x4)
 *(.ARM.extab* .gnu.linkonce.armextab.*)
                0x00000000080030a4                . = ALIGN (0x4)

.ARM            0x00000000080030a4        0x0
                0x00000000080030a4                . = ALIGN (0x4)
                0x00000000080030a4                __exidx_start = .
 *(.ARM.exidx*)
                0x00000000080030a4                __exidx_end = .
                0x00000000080030a4                . = ALIGN (0x4)

.preinit_array  0x00000000080030a4        0x0
                0x00000000080030a4                . = ALIGN (0x4)
                0x00000000080030a4                PROVIDE (__preinit_array_start = .)
 *(.preinit_array*)
                0x00000000080030a4                PROVIDE (__preinit_array_end = .)
                0x00000000080030a4                . = ALIGN (0x4)

.init_array     0x00000000080030a4        0x4
                0x00000000080030a4                . = ALIGN (0x4)
                0x00000000080030a4                PROVIDE (__init_array_start = .)
 *(SORT_BY_NAME(.init_array.*))
 *(.init_array*)
 .init_array    0x00000000080030a4        0x4 c:/users/thanh phong/stm32cubeide_1.7.0/stm32cubeide/plugins/com.st.stm32cube.ide.mcu.externaltools.gnu-tools-for-stm32.9-2020-q2-update.win32_2.0.0.202105311346/tools/bin/../lib/gcc/arm-none-eabi/9.3.1/thumb/v7-m/nofp/crtbegin.o
                0x00000000080030a8                PROVIDE (__init_array_end = .)
                0x00000000080030a8                . = ALIGN (0x4)

.fini_array     0x00000000080030a8        0x4
                0x00000000080030a8                . = ALIGN (0x4)
                [!provide]                        PROVIDE (__fini_array_start = .)
 *(SORT_BY_NAME(.fini_array.*))
 *(.fini_array*)
 .fini_array    0x00000000080030a8        0x4 c:/users/thanh phong/stm32cubeide_1.7.0/stm32cubeide/plugins/com.st.stm32cube.ide.mcu.externaltools.gnu-tools-for-stm32.9-2020-q2-update.win32_2.0.0.202105311346/tools/bin/../lib/gcc/arm-none-eabi/9.3.1/thumb/v7-m/nofp/crtbegin.o
                [!provide]                        PROVIDE (__fini_array_end = .)
                0x00000000080030ac                . = ALIGN (0x4)
                0x00000000080030ac                _sidata = LOADADDR (.data)

.data           0x0000000020000000       0xbc load address 0x00000000080030ac
                0x0000000020000000                . = ALIGN (0x4)
                0x0000000020000000                _sdata = .
 *(.data)
 *(.data*)
 .data.time_red
                0x0000000020000000        0x4 ./Core/Src/automatic.o
                0x0000000020000000                time_red
 .data.time_green
                0x0000000020000004        0x4 ./Core/Src/automatic.o
                0x0000000020000004                time_green
 .data.time_yellow
                0x0000000020000008        0x4 ./Core/Src/automatic.o
                0x0000000020000008                time_yellow
 .data.ButtonPort
                0x000000002000000c       0x14 ./Core/Src/button.o
                0x000000002000000c                ButtonPort
 .data.ButtonPin
                0x0000000020000020        0xa ./Core/Src/button.o
                0x0000000020000020                ButtonPin
 *fill*         0x000000002000002a        0x2 
 .data.KeyReg0  0x000000002000002c       0x14 ./Core/Src/button.o
                0x000000002000002c                KeyReg0
 .data.KeyReg1  0x0000000020000040       0x14 ./Core/Src/button.o
                0x0000000020000040                KeyReg1
 .data.KeyReg2  0x0000000020000054       0x14 ./Core/Src/button.o
                0x0000000020000054                KeyReg2
 .data.KeyReg3  0x0000000020000068       0x14 ./Core/Src/button.o
                0x0000000020000068                KeyReg3
 .data.timerforkeypress
                0x000000002000007c       0x14 ./Core/Src/button.o
                0x000000002000007c                timerforkeypress
 .data.led_buffer
                0x0000000020000090       0x10 ./Core/Src/display.o
                0x0000000020000090                led_buffer
 .data.temp_red
                0x00000000200000a0        0x4 ./Core/Src/manual.o
                0x00000000200000a0                temp_red
 .data.temp_green
                0x00000000200000a4        0x4 ./Core/Src/manual.o
                0x00000000200000a4                temp_green
 .data.temp_yellow
                0x00000000200000a8        0x4 ./Core/Src/manual.o
                0x00000000200000a8                temp_yellow
 .data.SystemCoreClock
                0x00000000200000ac        0x4 ./Core/Src/system_stm32f1xx.o
                0x00000000200000ac                SystemCoreClock
 .data.TIMER_CYCLE
                0x00000000200000b0        0x4 ./Core/Src/timer.o
                0x00000000200000b0                TIMER_CYCLE
 .data.uwTickPrio
                0x00000000200000b4        0x4 ./Drivers/STM32F1xx_HAL_Driver/Src/stm32f1xx_hal.o
                0x00000000200000b4                uwTickPrio
 .data.uwTickFreq
                0x00000000200000b8        0x1 ./Drivers/STM32F1xx_HAL_Driver/Src/stm32f1xx_hal.o
                0x00000000200000b8                uwTickFreq
 *(.RamFunc)
 *(.RamFunc*)
                0x00000000200000bc                . = ALIGN (0x4)
 *fill*         0x00000000200000b9        0x3 
                0x00000000200000bc                _edata = .

.igot.plt       0x00000000200000bc        0x0 load address 0x0000000008003168
 .igot.plt      0x00000000200000bc        0x0 c:/users/thanh phong/stm32cubeide_1.7.0/stm32cubeide/plugins/com.st.stm32cube.ide.mcu.externaltools.gnu-tools-for-stm32.9-2020-q2-update.win32_2.0.0.202105311346/tools/bin/../lib/gcc/arm-none-eabi/9.3.1/thumb/v7-m/nofp/crtbegin.o
                0x00000000200000bc                . = ALIGN (0x4)

.bss            0x00000000200000bc      0x1c0 load address 0x0000000008003168
                0x00000000200000bc                _sbss = .
                0x00000000200000bc                __bss_start__ = _sbss
 *(.bss)
 .bss           0x00000000200000bc       0x1c c:/users/thanh phong/stm32cubeide_1.7.0/stm32cubeide/plugins/com.st.stm32cube.ide.mcu.externaltools.gnu-tools-for-stm32.9-2020-q2-update.win32_2.0.0.202105311346/tools/bin/../lib/gcc/arm-none-eabi/9.3.1/thumb/v7-m/nofp/crtbegin.o
 *(.bss*)
 .bss.counter0  0x00000000200000d8        0x4 ./Core/Src/automatic.o
                0x00000000200000d8                counter0
 .bss.counter1  0x00000000200000dc        0x4 ./Core/Src/automatic.o
                0x00000000200000dc                counter1
 .bss.button_flag
                0x00000000200000e0       0x14 ./Core/Src/button.o
                0x00000000200000e0                button_flag
 .bss.button_long_flag
                0x00000000200000f4       0x14 ./Core/Src/button.o
                0x00000000200000f4                button_long_flag
 .bss.index_led
                0x0000000020000108        0x4 ./Core/Src/display.o
                0x0000000020000108                index_led
 .bss.status    0x000000002000010c        0x4 ./Core/Src/global.o
                0x000000002000010c                status
 .bss.SCH_tasks_G
                0x0000000020000110       0xc8 ./Core/Src/scheduler.o
 .bss.newTaskID
                0x00000000200001d8        0x4 ./Core/Src/scheduler.o
 .bss.count_SCH_Update
                0x00000000200001dc        0x4 ./Core/Src/scheduler.o
 *(COMMON)
 COMMON         0x00000000200001e0       0x48 ./Core/Src/main.o
                0x00000000200001e0                htim2
 COMMON         0x0000000020000228       0x50 ./Core/Src/timer.o
                0x0000000020000228                timer_counter
                0x0000000020000250                timer_flag
 COMMON         0x0000000020000278        0x4 ./Drivers/STM32F1xx_HAL_Driver/Src/stm32f1xx_hal.o
                0x0000000020000278                uwTick
                0x000000002000027c                . = ALIGN (0x4)
                0x000000002000027c                _ebss = .
                0x000000002000027c                __bss_end__ = _ebss

._user_heap_stack
                0x000000002000027c      0x604 load address 0x0000000008003168
                0x0000000020000280                . = ALIGN (0x8)
 *fill*         0x000000002000027c        0x4 
                [!provide]                        PROVIDE (end = .)
                0x0000000020000280                PROVIDE (_end = .)
                0x0000000020000480                . = (. + _Min_Heap_Size)
 *fill*         0x0000000020000280      0x200 
                0x0000000020000880                . = (. + _Min_Stack_Size)
 *fill*         0x0000000020000480      0x400 
                0x0000000020000880                . = ALIGN (0x8)

/DISCARD/
 libc.a(*)
 libm.a(*)
 libgcc.a(*)

.ARM.attributes
                0x0000000000000000       0x29
 *(.ARM.attributes)
 .ARM.attributes
                0x0000000000000000       0x1d c:/users/thanh phong/stm32cubeide_1.7.0/stm32cubeide/plugins/com.st.stm32cube.ide.mcu.externaltools.gnu-tools-for-stm32.9-2020-q2-update.win32_2.0.0.202105311346/tools/bin/../lib/gcc/arm-none-eabi/9.3.1/thumb/v7-m/nofp/crti.o
 .ARM.attributes
                0x000000000000001d       0x2d c:/users/thanh phong/stm32cubeide_1.7.0/stm32cubeide/plugins/com.st.stm32cube.ide.mcu.externaltools.gnu-tools-for-stm32.9-2020-q2-update.win32_2.0.0.202105311346/tools/bin/../lib/gcc/arm-none-eabi/9.3.1/thumb/v7-m/nofp/crtbegin.o
 .ARM.attributes
                0x000000000000004a       0x2d ./Core/Src/automatic.o
 .ARM.attributes
                0x0000000000000077       0x2d ./Core/Src/button.o
 .ARM.attributes
                0x00000000000000a4       0x2d ./Core/Src/display.o
 .ARM.attributes
                0x00000000000000d1       0x2d ./Core/Src/global.o
 .ARM.attributes
                0x00000000000000fe       0x2d ./Core/Src/main.o
 .ARM.attributes
                0x000000000000012b       0x2d ./Core/Src/manual.o
 .ARM.attributes
                0x0000000000000158       0x2d ./Core/Src/scheduler.o
 .ARM.attributes
                0x0000000000000185       0x2d ./Core/Src/stm32f1xx_hal_msp.o
 .ARM.attributes
                0x00000000000001b2       0x2d ./Core/Src/stm32f1xx_it.o
 .ARM.attributes
                0x00000000000001df       0x2d ./Core/Src/system_stm32f1xx.o
 .ARM.attributes
                0x000000000000020c       0x2d ./Core/Src/timer.o
 .ARM.attributes
                0x0000000000000239       0x21 ./Core/Startup/startup_stm32f103c6ux.o
 .ARM.attributes
                0x000000000000025a       0x2d ./Drivers/STM32F1xx_HAL_Driver/Src/stm32f1xx_hal.o
 .ARM.attributes
                0x0000000000000287       0x2d ./Drivers/STM32F1xx_HAL_Driver/Src/stm32f1xx_hal_cortex.o
 .ARM.attributes
                0x00000000000002b4       0x2d ./Drivers/STM32F1xx_HAL_Driver/Src/stm32f1xx_hal_gpio.o
 .ARM.attributes
                0x00000000000002e1       0x2d ./Drivers/STM32F1xx_HAL_Driver/Src/stm32f1xx_hal_rcc.o
 .ARM.attributes
                0x000000000000030e       0x2d ./Drivers/STM32F1xx_HAL_Driver/Src/stm32f1xx_hal_tim.o
 .ARM.attributes
                0x000000000000033b       0x2d ./Drivers/STM32F1xx_HAL_Driver/Src/stm32f1xx_hal_tim_ex.o
 .ARM.attributes
                0x0000000000000368       0x2d c:/users/thanh phong/stm32cubeide_1.7.0/stm32cubeide/plugins/com.st.stm32cube.ide.mcu.externaltools.gnu-tools-for-stm32.9-2020-q2-update.win32_2.0.0.202105311346/tools/bin/../lib/gcc/arm-none-eabi/9.3.1/../../../../arm-none-eabi/lib/thumb/v7-m/nofp\libc_nano.a(lib_a-init.o)
 .ARM.attributes
                0x0000000000000395       0x2d c:/users/thanh phong/stm32cubeide_1.7.0/stm32cubeide/plugins/com.st.stm32cube.ide.mcu.externaltools.gnu-tools-for-stm32.9-2020-q2-update.win32_2.0.0.202105311346/tools/bin/../lib/gcc/arm-none-eabi/9.3.1/../../../../arm-none-eabi/lib/thumb/v7-m/nofp\libc_nano.a(lib_a-memset.o)
 .ARM.attributes
                0x00000000000003c2       0x1d c:/users/thanh phong/stm32cubeide_1.7.0/stm32cubeide/plugins/com.st.stm32cube.ide.mcu.externaltools.gnu-tools-for-stm32.9-2020-q2-update.win32_2.0.0.202105311346/tools/bin/../lib/gcc/arm-none-eabi/9.3.1/thumb/v7-m/nofp/crtn.o
OUTPUT(LAB3.elf elf32-littlearm)
LOAD linker stubs
LOAD c:/users/thanh phong/stm32cubeide_1.7.0/stm32cubeide/plugins/com.st.stm32cube.ide.mcu.externaltools.gnu-tools-for-stm32.9-2020-q2-update.win32_2.0.0.202105311346/tools/bin/../lib/gcc/arm-none-eabi/9.3.1/../../../../arm-none-eabi/lib/thumb/v7-m/nofp\libc.a
LOAD c:/users/thanh phong/stm32cubeide_1.7.0/stm32cubeide/plugins/com.st.stm32cube.ide.mcu.externaltools.gnu-tools-for-stm32.9-2020-q2-update.win32_2.0.0.202105311346/tools/bin/../lib/gcc/arm-none-eabi/9.3.1/../../../../arm-none-eabi/lib/thumb/v7-m/nofp\libm.a
LOAD c:/users/thanh phong/stm32cubeide_1.7.0/stm32cubeide/plugins/com.st.stm32cube.ide.mcu.externaltools.gnu-tools-for-stm32.9-2020-q2-update.win32_2.0.0.202105311346/tools/bin/../lib/gcc/arm-none-eabi/9.3.1/thumb/v7-m/nofp\libgcc.a

.debug_info     0x0000000000000000     0xa107
 .debug_info    0x0000000000000000      0x270 ./Core/Src/automatic.o
 .debug_info    0x0000000000000270      0x3b7 ./Core/Src/button.o
 .debug_info    0x0000000000000627      0x3bb ./Core/Src/display.o
 .debug_info    0x00000000000009e2      0x250 ./Core/Src/global.o
 .debug_info    0x0000000000000c32      0xc80 ./Core/Src/main.o
 .debug_info    0x00000000000018b2      0x30a ./Core/Src/manual.o
 .debug_info    0x0000000000001bbc      0x3ea ./Core/Src/scheduler.o
 .debug_info    0x0000000000001fa6      0xa09 ./Core/Src/stm32f1xx_hal_msp.o
 .debug_info    0x00000000000029af      0x7b9 ./Core/Src/stm32f1xx_it.o
 .debug_info    0x0000000000003168      0x2be ./Core/Src/system_stm32f1xx.o
 .debug_info    0x0000000000003426      0x870 ./Core/Src/timer.o
 .debug_info    0x0000000000003c96       0x22 ./Core/Startup/startup_stm32f103c6ux.o
 .debug_info    0x0000000000003cb8      0x74c ./Drivers/STM32F1xx_HAL_Driver/Src/stm32f1xx_hal.o
 .debug_info    0x0000000000004404      0xbbe ./Drivers/STM32F1xx_HAL_Driver/Src/stm32f1xx_hal_cortex.o
 .debug_info    0x0000000000004fc2      0x701 ./Drivers/STM32F1xx_HAL_Driver/Src/stm32f1xx_hal_gpio.o
 .debug_info    0x00000000000056c3      0x893 ./Drivers/STM32F1xx_HAL_Driver/Src/stm32f1xx_hal_rcc.o
 .debug_info    0x0000000000005f56     0x2c32 ./Drivers/STM32F1xx_HAL_Driver/Src/stm32f1xx_hal_tim.o
 .debug_info    0x0000000000008b88     0x157f ./Drivers/STM32F1xx_HAL_Driver/Src/stm32f1xx_hal_tim_ex.o

.debug_abbrev   0x0000000000000000     0x1ea3
 .debug_abbrev  0x0000000000000000       0xc5 ./Core/Src/automatic.o
 .debug_abbrev  0x00000000000000c5      0x1a2 ./Core/Src/button.o
 .debug_abbrev  0x0000000000000267      0x18c ./Core/Src/display.o
 .debug_abbrev  0x00000000000003f3       0xc5 ./Core/Src/global.o
 .debug_abbrev  0x00000000000004b8      0x25e ./Core/Src/main.o
 .debug_abbrev  0x0000000000000716      0x105 ./Core/Src/manual.o
 .debug_abbrev  0x000000000000081b      0x1d2 ./Core/Src/scheduler.o
 .debug_abbrev  0x00000000000009ed      0x1b7 ./Core/Src/stm32f1xx_hal_msp.o
 .debug_abbrev  0x0000000000000ba4      0x176 ./Core/Src/stm32f1xx_it.o
 .debug_abbrev  0x0000000000000d1a      0x14e ./Core/Src/system_stm32f1xx.o
 .debug_abbrev  0x0000000000000e68      0x20a ./Core/Src/timer.o
 .debug_abbrev  0x0000000000001072       0x12 ./Core/Startup/startup_stm32f103c6ux.o
 .debug_abbrev  0x0000000000001084      0x1ed ./Drivers/STM32F1xx_HAL_Driver/Src/stm32f1xx_hal.o
 .debug_abbrev  0x0000000000001271      0x313 ./Drivers/STM32F1xx_HAL_Driver/Src/stm32f1xx_hal_cortex.o
 .debug_abbrev  0x0000000000001584      0x1e8 ./Drivers/STM32F1xx_HAL_Driver/Src/stm32f1xx_hal_gpio.o
 .debug_abbrev  0x000000000000176c      0x273 ./Drivers/STM32F1xx_HAL_Driver/Src/stm32f1xx_hal_rcc.o
 .debug_abbrev  0x00000000000019df      0x25e ./Drivers/STM32F1xx_HAL_Driver/Src/stm32f1xx_hal_tim.o
 .debug_abbrev  0x0000000000001c3d      0x266 ./Drivers/STM32F1xx_HAL_Driver/Src/stm32f1xx_hal_tim_ex.o

.debug_aranges  0x0000000000000000      0xad8
 .debug_aranges
                0x0000000000000000       0x20 ./Core/Src/automatic.o
 .debug_aranges
                0x0000000000000020       0x38 ./Core/Src/button.o
 .debug_aranges
                0x0000000000000058       0x58 ./Core/Src/display.o
 .debug_aranges
                0x00000000000000b0       0x20 ./Core/Src/global.o
 .debug_aranges
                0x00000000000000d0       0x68 ./Core/Src/main.o
 .debug_aranges
                0x0000000000000138       0x20 ./Core/Src/manual.o
 .debug_aranges
                0x0000000000000158       0x50 ./Core/Src/scheduler.o
 .debug_aranges
                0x00000000000001a8       0x30 ./Core/Src/stm32f1xx_hal_msp.o
 .debug_aranges
                0x00000000000001d8       0x68 ./Core/Src/stm32f1xx_it.o
 .debug_aranges
                0x0000000000000240       0x28 ./Core/Src/system_stm32f1xx.o
 .debug_aranges
                0x0000000000000268       0x48 ./Core/Src/timer.o
 .debug_aranges
                0x00000000000002b0       0x28 ./Core/Startup/startup_stm32f103c6ux.o
 .debug_aranges
                0x00000000000002d8       0xe0 ./Drivers/STM32F1xx_HAL_Driver/Src/stm32f1xx_hal.o
 .debug_aranges
                0x00000000000003b8      0x100 ./Drivers/STM32F1xx_HAL_Driver/Src/stm32f1xx_hal_cortex.o
 .debug_aranges
                0x00000000000004b8       0x58 ./Drivers/STM32F1xx_HAL_Driver/Src/stm32f1xx_hal_gpio.o
 .debug_aranges
                0x0000000000000510       0x90 ./Drivers/STM32F1xx_HAL_Driver/Src/stm32f1xx_hal_rcc.o
 .debug_aranges
                0x00000000000005a0      0x3d0 ./Drivers/STM32F1xx_HAL_Driver/Src/stm32f1xx_hal_tim.o
 .debug_aranges
                0x0000000000000970      0x168 ./Drivers/STM32F1xx_HAL_Driver/Src/stm32f1xx_hal_tim_ex.o

.debug_ranges   0x0000000000000000      0x9c0
 .debug_ranges  0x0000000000000000       0x10 ./Core/Src/automatic.o
 .debug_ranges  0x0000000000000010       0x28 ./Core/Src/button.o
 .debug_ranges  0x0000000000000038       0x48 ./Core/Src/display.o
 .debug_ranges  0x0000000000000080       0x10 ./Core/Src/global.o
 .debug_ranges  0x0000000000000090       0x58 ./Core/Src/main.o
 .debug_ranges  0x00000000000000e8       0x10 ./Core/Src/manual.o
 .debug_ranges  0x00000000000000f8       0x40 ./Core/Src/scheduler.o
 .debug_ranges  0x0000000000000138       0x20 ./Core/Src/stm32f1xx_hal_msp.o
 .debug_ranges  0x0000000000000158       0x58 ./Core/Src/stm32f1xx_it.o
 .debug_ranges  0x00000000000001b0       0x18 ./Core/Src/system_stm32f1xx.o
 .debug_ranges  0x00000000000001c8       0x38 ./Core/Src/timer.o
 .debug_ranges  0x0000000000000200       0x20 ./Core/Startup/startup_stm32f103c6ux.o
 .debug_ranges  0x0000000000000220       0xd0 ./Drivers/STM32F1xx_HAL_Driver/Src/stm32f1xx_hal.o
 .debug_ranges  0x00000000000002f0       0xf0 ./Drivers/STM32F1xx_HAL_Driver/Src/stm32f1xx_hal_cortex.o
 .debug_ranges  0x00000000000003e0       0x48 ./Drivers/STM32F1xx_HAL_Driver/Src/stm32f1xx_hal_gpio.o
 .debug_ranges  0x0000000000000428       0x80 ./Drivers/STM32F1xx_HAL_Driver/Src/stm32f1xx_hal_rcc.o
 .debug_ranges  0x00000000000004a8      0x3c0 ./Drivers/STM32F1xx_HAL_Driver/Src/stm32f1xx_hal_tim.o
 .debug_ranges  0x0000000000000868      0x158 ./Drivers/STM32F1xx_HAL_Driver/Src/stm32f1xx_hal_tim_ex.o

.debug_macro    0x0000000000000000    0x170bb
 .debug_macro   0x0000000000000000      0x1da ./Core/Src/automatic.o
 .debug_macro   0x00000000000001da      0xa9c ./Core/Src/automatic.o
 .debug_macro   0x0000000000000c76      0x215 ./Core/Src/automatic.o
 .debug_macro   0x0000000000000e8b       0x2e ./Core/Src/automatic.o
 .debug_macro   0x0000000000000eb9       0x22 ./Core/Src/automatic.o
 .debug_macro   0x0000000000000edb       0x22 ./Core/Src/automatic.o
 .debug_macro   0x0000000000000efd       0x8e ./Core/Src/automatic.o
 .debug_macro   0x0000000000000f8b       0x51 ./Core/Src/automatic.o
 .debug_macro   0x0000000000000fdc      0x103 ./Core/Src/automatic.o
 .debug_macro   0x00000000000010df       0x6a ./Core/Src/automatic.o
 .debug_macro   0x0000000000001149      0x1df ./Core/Src/automatic.o
 .debug_macro   0x0000000000001328       0x1c ./Core/Src/automatic.o
 .debug_macro   0x0000000000001344       0x22 ./Core/Src/automatic.o
 .debug_macro   0x0000000000001366       0xc3 ./Core/Src/automatic.o
 .debug_macro   0x0000000000001429      0xd23 ./Core/Src/automatic.o
 .debug_macro   0x000000000000214c     0xde75 ./Core/Src/automatic.o
 .debug_macro   0x000000000000ffc1       0x6d ./Core/Src/automatic.o
 .debug_macro   0x000000000001002e     0x34a2 ./Core/Src/automatic.o
 .debug_macro   0x00000000000134d0      0x174 ./Core/Src/automatic.o
 .debug_macro   0x0000000000013644       0x5c ./Core/Src/automatic.o
 .debug_macro   0x00000000000136a0      0x5bc ./Core/Src/automatic.o
 .debug_macro   0x0000000000013c5c      0x1b7 ./Core/Src/automatic.o
 .debug_macro   0x0000000000013e13      0x1cb ./Core/Src/automatic.o
 .debug_macro   0x0000000000013fde      0x114 ./Core/Src/automatic.o
 .debug_macro   0x00000000000140f2      0x1b2 ./Core/Src/automatic.o
 .debug_macro   0x00000000000142a4       0x27 ./Core/Src/automatic.o
 .debug_macro   0x00000000000142cb      0x12f ./Core/Src/automatic.o
 .debug_macro   0x00000000000143fa      0x1bc ./Core/Src/automatic.o
 .debug_macro   0x00000000000145b6       0x34 ./Core/Src/automatic.o
 .debug_macro   0x00000000000145ea       0x3c ./Core/Src/automatic.o
 .debug_macro   0x0000000000014626       0x57 ./Core/Src/automatic.o
 .debug_macro   0x000000000001467d       0x87 ./Core/Src/automatic.o
 .debug_macro   0x0000000000014704      0x183 ./Core/Src/automatic.o
 .debug_macro   0x0000000000014887      0x140 ./Core/Src/automatic.o
 .debug_macro   0x00000000000149c7      0x8ed ./Core/Src/automatic.o
 .debug_macro   0x00000000000152b4       0x69 ./Core/Src/automatic.o
 .debug_macro   0x000000000001531d      0x100 ./Core/Src/automatic.o
 .debug_macro   0x000000000001541d       0x1c ./Core/Src/automatic.o
 .debug_macro   0x0000000000015439       0x40 ./Core/Src/automatic.o
 .debug_macro   0x0000000000015479      0x1af ./Core/Src/button.o
 .debug_macro   0x0000000000015628      0x1c3 ./Core/Src/display.o
 .debug_macro   0x00000000000157eb      0x1ea ./Core/Src/global.o
 .debug_macro   0x00000000000159d5      0x201 ./Core/Src/main.o
 .debug_macro   0x0000000000015bd6       0x16 ./Core/Src/main.o
 .debug_macro   0x0000000000015bec      0x204 ./Core/Src/manual.o
 .debug_macro   0x0000000000015df0      0x1da ./Core/Src/scheduler.o
 .debug_macro   0x0000000000015fca       0x10 ./Core/Src/scheduler.o
 .debug_macro   0x0000000000015fda      0x1a6 ./Core/Src/stm32f1xx_hal_msp.o
 .debug_macro   0x0000000000016180      0x1b0 ./Core/Src/stm32f1xx_it.o
 .debug_macro   0x0000000000016330      0x197 ./Core/Src/system_stm32f1xx.o
 .debug_macro   0x00000000000164c7      0x1c8 ./Core/Src/timer.o
 .debug_macro   0x000000000001668f      0x1bb ./Drivers/STM32F1xx_HAL_Driver/Src/stm32f1xx_hal.o
 .debug_macro   0x000000000001684a      0x197 ./Drivers/STM32F1xx_HAL_Driver/Src/stm32f1xx_hal_cortex.o
 .debug_macro   0x00000000000169e1      0x202 ./Drivers/STM32F1xx_HAL_Driver/Src/stm32f1xx_hal_gpio.o
 .debug_macro   0x0000000000016be3      0x1a9 ./Drivers/STM32F1xx_HAL_Driver/Src/stm32f1xx_hal_rcc.o
 .debug_macro   0x0000000000016d8c      0x198 ./Drivers/STM32F1xx_HAL_Driver/Src/stm32f1xx_hal_tim.o
 .debug_macro   0x0000000000016f24      0x197 ./Drivers/STM32F1xx_HAL_Driver/Src/stm32f1xx_hal_tim_ex.o

.debug_line     0x0000000000000000     0xd110
 .debug_line    0x0000000000000000      0x7bb ./Core/Src/automatic.o
 .debug_line    0x00000000000007bb      0x7bb ./Core/Src/button.o
 .debug_line    0x0000000000000f76      0x851 ./Core/Src/display.o
 .debug_line    0x00000000000017c7      0x702 ./Core/Src/global.o
 .debug_line    0x0000000000001ec9      0x934 ./Core/Src/main.o
 .debug_line    0x00000000000027fd      0x803 ./Core/Src/manual.o
 .debug_line    0x0000000000003000      0x9f7 ./Core/Src/scheduler.o
 .debug_line    0x00000000000039f7      0x70c ./Core/Src/stm32f1xx_hal_msp.o
 .debug_line    0x0000000000004103      0x7aa ./Core/Src/stm32f1xx_it.o
 .debug_line    0x00000000000048ad      0x74e ./Core/Src/system_stm32f1xx.o
 .debug_line    0x0000000000004ffb      0x7cf ./Core/Src/timer.o
 .debug_line    0x00000000000057ca       0x86 ./Core/Startup/startup_stm32f103c6ux.o
 .debug_line    0x0000000000005850      0x97b ./Drivers/STM32F1xx_HAL_Driver/Src/stm32f1xx_hal.o
 .debug_line    0x00000000000061cb      0xb63 ./Drivers/STM32F1xx_HAL_Driver/Src/stm32f1xx_hal_cortex.o
 .debug_line    0x0000000000006d2e      0x9fe ./Drivers/STM32F1xx_HAL_Driver/Src/stm32f1xx_hal_gpio.o
 .debug_line    0x000000000000772c      0xd87 ./Drivers/STM32F1xx_HAL_Driver/Src/stm32f1xx_hal_rcc.o
 .debug_line    0x00000000000084b3     0x33cc ./Drivers/STM32F1xx_HAL_Driver/Src/stm32f1xx_hal_tim.o
 .debug_line    0x000000000000b87f     0x1891 ./Drivers/STM32F1xx_HAL_Driver/Src/stm32f1xx_hal_tim_ex.o

.debug_str      0x0000000000000000    0x8266c
 .debug_str     0x0000000000000000    0x7f90d ./Core/Src/automatic.o
                                      0x7fc42 (size before relaxing)
 .debug_str     0x000000000007f90d       0xc1 ./Core/Src/button.o
                                      0x7fbf6 (size before relaxing)
 .debug_str     0x000000000007f9ce       0x8e ./Core/Src/display.o
                                      0x7fc14 (size before relaxing)
 .debug_str     0x000000000007fa5c       0x4a ./Core/Src/global.o
                                      0x7fc47 (size before relaxing)
 .debug_str     0x000000000007faa6      0x73a ./Core/Src/main.o
                                      0x80478 (size before relaxing)
 .debug_str     0x00000000000801e0       0x24 ./Core/Src/manual.o
                                      0x7fc96 (size before relaxing)
 .debug_str     0x0000000000080204      0x16b ./Core/Src/scheduler.o
                                      0x7fcdf (size before relaxing)
 .debug_str     0x000000000008036f      0x2ba ./Core/Src/stm32f1xx_hal_msp.o
                                      0x802c5 (size before relaxing)
 .debug_str     0x0000000000080629       0xcd ./Core/Src/stm32f1xx_it.o
                                      0x80027 (size before relaxing)
 .debug_str     0x00000000000806f6       0x52 ./Core/Src/system_stm32f1xx.o
                                      0x7f75f (size before relaxing)
 .debug_str     0x0000000000080748       0xab ./Core/Src/timer.o
                                      0x800bd (size before relaxing)
 .debug_str     0x00000000000807f3       0x36 ./Core/Startup/startup_stm32f103c6ux.o
                                         0x53 (size before relaxing)
 .debug_str     0x0000000000080829      0x304 ./Drivers/STM32F1xx_HAL_Driver/Src/stm32f1xx_hal.o
                                      0x7fdb6 (size before relaxing)
 .debug_str     0x0000000000080b2d      0x300 ./Drivers/STM32F1xx_HAL_Driver/Src/stm32f1xx_hal_cortex.o
                                      0x7fdbe (size before relaxing)
 .debug_str     0x0000000000080e2d      0x324 ./Drivers/STM32F1xx_HAL_Driver/Src/stm32f1xx_hal_gpio.o
                                      0x7fb23 (size before relaxing)
 .debug_str     0x0000000000081151      0x24f ./Drivers/STM32F1xx_HAL_Driver/Src/stm32f1xx_hal_rcc.o
                                      0x7fb5c (size before relaxing)
 .debug_str     0x00000000000813a0      0xdde ./Drivers/STM32F1xx_HAL_Driver/Src/stm32f1xx_hal_tim.o
                                      0x80b45 (size before relaxing)
 .debug_str     0x000000000008217e      0x4ee ./Drivers/STM32F1xx_HAL_Driver/Src/stm32f1xx_hal_tim_ex.o
                                      0x802e6 (size before relaxing)

.comment        0x0000000000000000       0x53
 .comment       0x0000000000000000       0x53 ./Core/Src/automatic.o
                                         0x54 (size before relaxing)
 .comment       0x0000000000000053       0x54 ./Core/Src/button.o
 .comment       0x0000000000000053       0x54 ./Core/Src/display.o
 .comment       0x0000000000000053       0x54 ./Core/Src/global.o
 .comment       0x0000000000000053       0x54 ./Core/Src/main.o
 .comment       0x0000000000000053       0x54 ./Core/Src/manual.o
 .comment       0x0000000000000053       0x54 ./Core/Src/scheduler.o
 .comment       0x0000000000000053       0x54 ./Core/Src/stm32f1xx_hal_msp.o
 .comment       0x0000000000000053       0x54 ./Core/Src/stm32f1xx_it.o
 .comment       0x0000000000000053       0x54 ./Core/Src/system_stm32f1xx.o
 .comment       0x0000000000000053       0x54 ./Core/Src/timer.o
 .comment       0x0000000000000053       0x54 ./Drivers/STM32F1xx_HAL_Driver/Src/stm32f1xx_hal.o
 .comment       0x0000000000000053       0x54 ./Drivers/STM32F1xx_HAL_Driver/Src/stm32f1xx_hal_cortex.o
 .comment       0x0000000000000053       0x54 ./Drivers/STM32F1xx_HAL_Driver/Src/stm32f1xx_hal_gpio.o
 .comment       0x0000000000000053       0x54 ./Drivers/STM32F1xx_HAL_Driver/Src/stm32f1xx_hal_rcc.o
 .comment       0x0000000000000053       0x54 ./Drivers/STM32F1xx_HAL_Driver/Src/stm32f1xx_hal_tim.o
 .comment       0x0000000000000053       0x54 ./Drivers/STM32F1xx_HAL_Driver/Src/stm32f1xx_hal_tim_ex.o

.debug_frame    0x0000000000000000     0x2a88
 .debug_frame   0x0000000000000000       0x2c ./Core/Src/automatic.o
 .debug_frame   0x000000000000002c       0xac ./Core/Src/button.o
 .debug_frame   0x00000000000000d8      0x128 ./Core/Src/display.o
 .debug_frame   0x0000000000000200       0x30 ./Core/Src/global.o
 .debug_frame   0x0000000000000230      0x13c ./Core/Src/main.o
 .debug_frame   0x000000000000036c       0x2c ./Core/Src/manual.o
 .debug_frame   0x0000000000000398      0x104 ./Core/Src/scheduler.o
 .debug_frame   0x000000000000049c       0x80 ./Core/Src/stm32f1xx_hal_msp.o
 .debug_frame   0x000000000000051c      0x120 ./Core/Src/stm32f1xx_it.o
 .debug_frame   0x000000000000063c       0x58 ./Core/Src/system_stm32f1xx.o
 .debug_frame   0x0000000000000694       0xfc ./Core/Src/timer.o
 .debug_frame   0x0000000000000790      0x334 ./Drivers/STM32F1xx_HAL_Driver/Src/stm32f1xx_hal.o
 .debug_frame   0x0000000000000ac4      0x428 ./Drivers/STM32F1xx_HAL_Driver/Src/stm32f1xx_hal_cortex.o
 .debug_frame   0x0000000000000eec      0x14c ./Drivers/STM32F1xx_HAL_Driver/Src/stm32f1xx_hal_gpio.o
 .debug_frame   0x0000000000001038      0x218 ./Drivers/STM32F1xx_HAL_Driver/Src/stm32f1xx_hal_rcc.o
 .debug_frame   0x0000000000001250     0x11b4 ./Drivers/STM32F1xx_HAL_Driver/Src/stm32f1xx_hal_tim.o
 .debug_frame   0x0000000000002404      0x638 ./Drivers/STM32F1xx_HAL_Driver/Src/stm32f1xx_hal_tim_ex.o
 .debug_frame   0x0000000000002a3c       0x2c c:/users/thanh phong/stm32cubeide_1.7.0/stm32cubeide/plugins/com.st.stm32cube.ide.mcu.externaltools.gnu-tools-for-stm32.9-2020-q2-update.win32_2.0.0.202105311346/tools/bin/../lib/gcc/arm-none-eabi/9.3.1/../../../../arm-none-eabi/lib/thumb/v7-m/nofp\libc_nano.a(lib_a-init.o)
 .debug_frame   0x0000000000002a68       0x20 c:/users/thanh phong/stm32cubeide_1.7.0/stm32cubeide/plugins/com.st.stm32cube.ide.mcu.externaltools.gnu-tools-for-stm32.9-2020-q2-update.win32_2.0.0.202105311346/tools/bin/../lib/gcc/arm-none-eabi/9.3.1/../../../../arm-none-eabi/lib/thumb/v7-m/nofp\libc_nano.a(lib_a-memset.o)
